✓ logged in
routes to run: /, /login, /terms, /privacy, /tracker, /add, /agent, /accumulators, /performance, /community, /strategies, /profile
→ /
  /                mobile  score  98  LCP 1945ms  TBT 5  CLS 0.010  INP 32  JS 117KB  ✓
  /                desktop score 100  LCP 612ms  TBT 0  CLS 0.027  INP —  JS 117KB  ✓
→ /login
  /login           mobile  score  98  LCP 2271ms  TBT 0  CLS 0.015  INP —  JS 124KB  ✓
  /login           desktop score 100  LCP 611ms  TBT 0  CLS 0.000  INP —  JS 124KB  ✓
→ /terms
  /terms           mobile  score  99  LCP 1725ms  TBT 0  CLS 0.005  INP —  JS 122KB  ✓
  /terms           desktop score 100  LCP 608ms  TBT 0  CLS 0.002  INP —  JS 121KB  ✓
→ /privacy
  /privacy         mobile  score  99  LCP 1714ms  TBT 0  CLS 0.002  INP —  JS 122KB  ✓
  /privacy         desktop score 100  LCP 611ms  TBT 0  CLS 0.001  INP —  JS 121KB  ✓
→ /tracker
  /tracker         mobile  score  99  LCP 1707ms  TBT 0  CLS 0.000  INP —  JS 37KB  ✓
  /tracker         desktop score  99  LCP 616ms  TBT 0  CLS 0.001  INP —  JS 39KB  ✓
→ /add
  /add             mobile  score  82  LCP 3594ms  TBT 23  CLS 0.002  INP —  JS 52KB  ✗ LCP,SI,score
  /add             desktop score  93  LCP 1137ms  TBT 0  CLS 0.002  INP —  JS 54KB  ✗ SI
→ /agent
  /agent           mobile  score  99  LCP 1786ms  TBT 33  CLS 0.000  INP —  JS 37KB  ✓
  /agent           desktop score  97  LCP 976ms  TBT 0  CLS 0.001  INP —  JS 39KB  ✓
→ /accumulators
  /accumulators    mobile  score  99  LCP 1770ms  TBT 39  CLS 0.000  INP —  JS 37KB  ✓
  /accumulators    desktop score  98  LCP 610ms  TBT 0  CLS 0.001  INP —  JS 39KB  ✓
→ /performance
  /performance     mobile  score  83  LCP 3329ms  TBT 20  CLS 0.001  INP —  JS 37KB  ✗ LCP,SI,score
  /performance     desktop score  98  LCP 745ms  TBT 0  CLS 0.001  INP —  JS 39KB  ✓
→ /community
  /community       mobile  score  98  LCP 1751ms  TBT 49  CLS 0.000  INP —  JS 37KB  ✓
  /community       desktop score  97  LCP 973ms  TBT 0  CLS 0.000  INP —  JS 39KB  ✓
→ /strategies
  /strategies      mobile  score  96  LCP 1797ms  TBT 98  CLS 0.000  INP —  JS 37KB  ✓
  /strategies      desktop score  99  LCP 611ms  TBT 0  CLS 0.001  INP —  JS 39KB  ✓
→ /profile
  /profile         mobile  score  97  LCP 2199ms  TBT 72  CLS 0.001  INP —  JS 184KB  ✓
  /profile         desktop score  92  LCP 1299ms  TBT 0  CLS 0.001  INP —  JS 186KB  ✗ SI

=== SUMMARY (median of 3 runs) ===
route            form     score  LCP    TBT   CLS    INP   TTFB  JS(KB) total  budget
/                mobile     98   1945     5  0.010    32    72    117    274  ✓
/                desktop   100    612     0  0.027     —    70    117    274  ✓
/login           mobile     98   2271     0  0.015     —    75    124    282  ✓
/login           desktop   100    611     0  0.000     —    70    124    282  ✓
/terms           mobile     99   1725     0  0.005     —    71    122    292  ✓
/terms           desktop   100    608     0  0.002     —    70    121    291  ✓
/privacy         mobile     99   1714     0  0.002     —    71    122    272  ✓
/privacy         desktop   100    611     0  0.001     —    71    121    271  ✓
/tracker         mobile     99   1707     0  0.000     —    72     37    188  ✓
/tracker         desktop    99    616     0  0.001     —    70     39    199  ✓
/add             mobile     82   3594    23  0.002     —    73     52    239  ✗ LCP,SI,score
/add             desktop    93   1137     0  0.002     —    71     54    251  ✗ SI
/agent           mobile     99   1786    33  0.000     —    71     37    191  ✓
/agent           desktop    97    976     0  0.001     —    72     39    201  ✓
/accumulators    mobile     99   1770    39  0.000     —    71     37    190  ✓
/accumulators    desktop    98    610     0  0.001     —    85     39    201  ✓
/performance     mobile     83   3329    20  0.001     —    72     37    191  ✗ LCP,SI,score
/performance     desktop    98    745     0  0.001     —    99     39    201  ✓
/community       mobile     98   1751    49  0.000     —    72     37    192  ✓
/community       desktop    97    973     0  0.000     —    73     39    202  ✓
/strategies      mobile     96   1797    98  0.000     —    71     37    191  ✓
/strategies      desktop    99    611     0  0.001     —    74     39    201  ✓
/profile         mobile     97   2199    72  0.001     —    71    184    360  ✓
/profile         desktop    92   1299     0  0.001     —    71    186    371  ✗ SI

20/24 within budget · raw JSON: C:\Users\oduol\source\repos\onside\perf\results\perf-2026-08-05T16-06-15-690Z.json
